INFO, 2026-09-03 13:03:26,394, Application.py, <module>, RAPID start
INFO, 2026-09-03 13:03:26,556, gui_main.py, __init__, Open GUI
INFO, 2026-09-03 13:04:17,518, gui_imageframe.py, destroy, Close image: E:\Downloads\MoonShotPLant\OtherData\image_0000\image_0000.jpg
INFO, 2026-09-03 13:04:17,525, gui_main.py, destroys, Exit Application
INFO, 2026-09-03 13:04:17,556, Application.py, <module>, RAPID exit
INFO, 2026-09-03 13:22:14,284, Application.py, <module>, RAPID start
INFO, 2026-09-03 13:22:14,456, gui_main.py, __init__, Open GUI
INFO, 2026-09-03 13:25:10,971, gui_main.py, destroys, Exit Application
INFO, 2026-09-03 13:25:11,000, Application.py, <module>, RAPID exit
INFO, 2026-09-03 13:26:27,947, Application.py, <module>, RAPID start
INFO, 2026-09-03 13:26:28,119, gui_main.py, __init__, Open GUI
INFO, 2026-09-03 13:32:23,400, gui_imageframe.py, destroy, Close image: C:/Users/chwang/Desktop/Root-Measurement-Journal/bad-example/211015_9DAG_NKminus_Œp‘±1’ê–Ê600dpi/211015_9DAG_NKminus_Œp‘±1’ê–Ê600dpi.xml
INFO, 2026-09-03 13:32:23,414, gui_main.py, destroys, Exit Application
INFO, 2026-09-03 13:32:23,453, Application.py, <module>, RAPID exit
INFO, 2026-09-03 13:47:05,304, Application.py, <module>, RAPID start
INFO, 2026-09-03 13:47:05,608, gui_main.py, __init__, Open GUI
INFO, 2026-09-03 13:54:56,524, gui_main.py, destroys, Exit Application
INFO, 2026-09-03 13:54:56,557, Application.py, <module>, RAPID exit
INFO, 2026-09-03 13:57:48,769, Application.py, <module>, RAPID start
INFO, 2026-09-03 13:57:48,920, gui_main.py, __init__, Open GUI
INFO, 2026-09-03 13:58:04,790, gui_main.py, _load_yolo_model, Load Ultralytics YOLO model: C:\Users\chwang\Desktop\Root-Measurement-Journal\RAPID\RAPID\ARMP\best.pt
INFO, 2026-09-03 13:59:10,944, gui_imageframe.py, destroy, Close image: C:\Users\chwang\Desktop\Root-Measurement-Journal\bad-example\220422_TK1_Col-0_7DAG_4F_’ê–Ê600dpi\220422_TK1_Col-0_7DAG_4F_’ê–Ê600dpi.jpg
INFO, 2026-09-03 14:07:27,000, gui_imageframe.py, destroy, Close image: C:\Users\chwang\Desktop\Root-Measurement-Journal\bad-example\220422_TK1_Col-0_7DAG_4F_’ê–Ê600dpi
INFO, 2026-09-03 14:07:27,012, gui_main.py, destroys, Exit Application
INFO, 2026-09-03 14:07:27,058, Application.py, <module>, RAPID exit
INFO, 2026-09-03 14:21:17,068, Application.py, <module>, RAPID start
INFO, 2026-09-03 14:21:17,219, gui_main.py, __init__, Open GUI
INFO, 2026-09-03 14:22:12,302, gui_main.py, _load_yolo_model, Load Ultralytics YOLO model: C:\Users\chwang\Desktop\Root-Measurement-Journal\RAPID\RAPID\ARMP\best.pt
INFO, 2026-09-03 14:22:14,883, gui_imageframe.py, destroy, Close image: C:\Users\chwang\Desktop\Root-Measurement-Journal\bad-example\220422_TK1_Col-0_7DAG_4F_’ê–Ê600dpi\220422_TK1_Col-0_7DAG_4F_’ê–Ê600dpi.jpg
INFO, 2026-09-03 14:35:44,148, gui_imageframe.py, destroy, Close image: C:\Users\chwang\Desktop\Root-Measurement-Journal\bad-example\220422_TK1_Col-0_7DAG_4F_’ê–Ê600dpi
INFO, 2026-09-03 14:35:44,161, gui_main.py, destroys, Exit Application
INFO, 2026-09-03 14:35:44,187, Application.py, <module>, RAPID exit
INFO, 2026-09-03 14:37:04,849, Application.py, <module>, RAPID start
INFO, 2026-09-03 14:37:05,006, gui_main.py, __init__, Open GUI
INFO, 2026-09-03 14:38:03,005, gui_main.py, _load_yolo_model, Load Ultralytics YOLO model: C:\Users\chwang\Desktop\Root-Measurement-Journal\RAPID\RAPID\ARMP\best.pt
INFO, 2026-09-03 14:38:05,497, gui_main.py, _ensure_seg_model, Load Keras U-Net segmentation model
WARNING, 2026-09-03 14:38:05,740, module_wrapper.py, _tfmw_add_deprecation_warning, From E:\Users\chwang\Miniconda3\envs\DeepStomata\rapid\lib\site-packages\keras\src\backend.py:1398: The name tf.executing_eagerly_outside_functions is deprecated. Please use tf.compat.v1.executing_eagerly_outside_functions instead.

WARNING, 2026-09-03 14:38:07,103, module_wrapper.py, _tfmw_add_deprecation_warning, From E:\Users\chwang\Miniconda3\envs\DeepStomata\rapid\lib\site-packages\keras\src\layers\normalization\batch_normalization.py:979: The name tf.nn.fused_batch_norm is deprecated. Please use tf.compat.v1.nn.fused_batch_norm instead.

INFO, 2026-09-03 14:39:14,349, gui_imageframe.py, destroy, Close image: C:\Users\chwang\Desktop\Root-Measurement-Journal\bad-example\211013_7DAG_highNO3_Œp‘±1’ê–Ê\211013_7DAG_highNO3_Œp‘±1’ê–Ê.jpg
INFO, 2026-09-03 14:39:14,363, gui_main.py, destroys, Exit Application
INFO, 2026-09-03 14:39:14,391, Application.py, <module>, RAPID exit
INFO, 2026-09-03 16:41:21,822, Application.py, <module>, RAPID start
INFO, 2026-09-03 16:41:21,995, gui_main.py, __init__, Open GUI
INFO, 2026-09-03 16:41:39,572, gui_main.py, _load_yolo_model, Load Ultralytics YOLO model: C:\Users\chwang\Desktop\Root-Measurement-Journal\RAPID\RAPID\ARMP\best.pt
INFO, 2026-09-03 16:41:46,368, gui_main.py, _ensure_seg_model, Load Keras U-Net segmentation model
INFO, 2026-09-03 16:42:54,806, gui_main.py, _ensure_seg_model, Load Keras U-Net segmentation model
INFO, 2026-09-03 16:46:22,617, gui_main.py, _ensure_seg_model, Load Keras U-Net segmentation model
INFO, 2026-09-03 16:48:21,568, gui_imageframe.py, destroy, Close image: C:\Users\chwang\Desktop\Root-Measurement-Journal\bad-example\211013_7DAG_highNO3_Œp‘±1’ê–Ê\211013_7DAG_highNO3_Œp‘±1’ê–Ê.jpg
INFO, 2026-09-03 16:48:21,577, gui_main.py, destroys, Exit Application
INFO, 2026-09-03 16:48:21,608, Application.py, <module>, RAPID exit
INFO, 2026-09-03 16:48:42,131, Application.py, <module>, RAPID start
INFO, 2026-09-03 16:48:42,308, gui_main.py, __init__, Open GUI
INFO, 2026-09-03 16:48:55,911, gui_main.py, _load_yolo_model, Load Ultralytics YOLO model: C:\Users\chwang\Desktop\Root-Measurement-Journal\RAPID\RAPID\ARMP\best.pt
INFO, 2026-09-03 16:48:58,411, gui_main.py, _ensure_seg_model, Load Keras U-Net segmentation model
INFO, 2026-09-03 16:50:04,835, gui_imageframe.py, destroy, Close image: C:\Users\chwang\Desktop\Root-Measurement-Journal\bad-example\211013_7DAG_highNO3_Œp‘±1’ê–Ê\211013_7DAG_highNO3_Œp‘±1’ê–Ê.jpg
INFO, 2026-09-03 16:50:04,847, gui_main.py, destroys, Exit Application
INFO, 2026-09-03 16:50:04,880, Application.py, <module>, RAPID exit
INFO, 2026-09-03 16:50:36,974, Application.py, <module>, RAPID start
INFO, 2026-09-03 16:50:37,137, gui_main.py, __init__, Open GUI
INFO, 2026-09-03 16:50:49,489, gui_main.py, _load_yolo_model, Load Ultralytics YOLO model: C:\Users\chwang\Desktop\Root-Measurement-Journal\RAPID\RAPID\ARMP\best.pt
INFO, 2026-09-03 16:50:51,995, gui_main.py, _ensure_seg_model, Load Keras U-Net segmentation model
INFO, 2026-09-03 16:51:24,543, gui_imageframe.py, destroy, Close image: C:\Users\chwang\Desktop\Root-Measurement-Journal\bad-example\211013_7DAG_highNO3_Œp‘±1’ê–Ê\211013_7DAG_highNO3_Œp‘±1’ê–Ê.jpg
INFO, 2026-09-03 16:51:24,550, gui_main.py, destroys, Exit Application
INFO, 2026-09-03 16:51:24,587, Application.py, <module>, RAPID exit
INFO, 2026-09-03 16:51:39,545, Application.py, <module>, RAPID start
INFO, 2026-09-03 16:51:39,692, gui_main.py, __init__, Open GUI
INFO, 2026-09-03 16:52:05,288, gui_main.py, _load_yolo_model, Load Ultralytics YOLO model: C:\Users\chwang\Desktop\Root-Measurement-Journal\RAPID\RAPID\ARMP\best.pt
INFO, 2026-09-03 16:52:07,770, gui_main.py, _ensure_seg_model, Load Keras U-Net segmentation model
INFO, 2026-09-03 16:52:59,785, gui_main.py, _ensure_seg_model, Load Keras U-Net segmentation model
INFO, 2026-09-03 16:54:29,567, gui_main.py, _ensure_seg_model, Load Keras U-Net segmentation model
INFO, 2026-09-03 16:56:11,252, gui_main.py, _ensure_seg_model, Load Keras U-Net segmentation model
INFO, 2026-09-03 16:56:53,036, gui_imageframe.py, destroy, Close image: C:\Users\chwang\Desktop\Root-Measurement-Journal\bad-example\211013_7DAG_highNO3_Œp‘±1’ê–Ê\211013_7DAG_highNO3_Œp‘±1’ê–Ê.jpg
INFO, 2026-09-03 16:56:53,052, gui_main.py, destroys, Exit Application
INFO, 2026-09-03 16:56:53,095, Application.py, <module>, RAPID exit
INFO, 2026-09-03 16:57:11,506, Application.py, <module>, RAPID start
INFO, 2026-09-03 16:57:11,663, gui_main.py, __init__, Open GUI
INFO, 2026-09-03 16:57:21,440, gui_main.py, _load_yolo_model, Load Ultralytics YOLO model: C:\Users\chwang\Desktop\Root-Measurement-Journal\RAPID\RAPID\ARMP\best.pt
INFO, 2026-09-03 16:57:23,939, gui_main.py, _ensure_seg_model, Load Keras U-Net segmentation model
INFO, 2026-09-03 17:01:28,879, gui_imageframe.py, destroy, Close image: C:\Users\chwang\Desktop\Root-Measurement-Journal\bad-example\211013_7DAG_highNO3_Œp‘±1’ê–Ê\211013_7DAG_highNO3_Œp‘±1’ê–Ê.jpg
INFO, 2026-09-03 17:01:28,891, gui_main.py, destroys, Exit Application
INFO, 2026-09-03 17:01:28,939, Application.py, <module>, RAPID exit
INFO, 2026-09-03 17:01:46,065, Application.py, <module>, RAPID start
INFO, 2026-09-03 17:01:46,221, gui_main.py, __init__, Open GUI
INFO, 2026-09-03 17:01:57,142, gui_main.py, _load_yolo_model, Load Ultralytics YOLO model: C:\Users\chwang\Desktop\Root-Measurement-Journal\RAPID\RAPID\ARMP\best.pt
INFO, 2026-09-03 17:01:59,630, gui_main.py, _ensure_seg_model, Load Keras U-Net segmentation model
INFO, 2026-09-03 17:03:16,634, gui_imageframe.py, destroy, Close image: C:\Users\chwang\Desktop\Root-Measurement-Journal\bad-example\211013_7DAG_highNO3_Œp‘±1’ê–Ê\211013_7DAG_highNO3_Œp‘±1’ê–Ê.jpg
INFO, 2026-09-03 17:03:16,641, gui_main.py, destroys, Exit Application
INFO, 2026-09-03 17:03:16,682, Application.py, <module>, RAPID exit
INFO, 2026-09-03 17:05:54,921, Application.py, <module>, RAPID start
INFO, 2026-09-03 17:05:55,083, gui_main.py, __init__, Open GUI
INFO, 2026-09-03 17:06:05,238, gui_main.py, _load_yolo_model, Load Ultralytics YOLO model: C:\Users\chwang\Desktop\Root-Measurement-Journal\RAPID\RAPID\ARMP\best.pt
INFO, 2026-09-03 17:06:07,734, gui_main.py, _ensure_seg_model, Load Keras U-Net segmentation model
WARNING, 2026-09-03 17:06:07,894, module_wrapper.py, _tfmw_add_deprecation_warning, From E:\Users\chwang\Miniconda3\envs\DeepStomata\rapid\lib\site-packages\keras\src\backend.py:1398: The name tf.executing_eagerly_outside_functions is deprecated. Please use tf.compat.v1.executing_eagerly_outside_functions instead.

WARNING, 2026-09-03 17:06:07,971, module_wrapper.py, _tfmw_add_deprecation_warning, From E:\Users\chwang\Miniconda3\envs\DeepStomata\rapid\lib\site-packages\keras\src\layers\pooling\max_pooling2d.py:161: The name tf.nn.max_pool is deprecated. Please use tf.nn.max_pool2d instead.

WARNING, 2026-09-03 17:06:08,453, module_wrapper.py, _tfmw_add_deprecation_warning, From E:\Users\chwang\Miniconda3\envs\DeepStomata\rapid\lib\site-packages\keras\src\saving\legacy\save.py:538: The name tf.train.NewCheckpointReader is deprecated. Please use tf.compat.v1.train.NewCheckpointReader instead.

INFO, 2026-09-03 17:06:42,577, gui_imageframe.py, destroy, Close image: C:\Users\chwang\Desktop\Root-Measurement-Journal\bad-example\211013_7DAG_highNO3_Œp‘±1’ê–Ê\211013_7DAG_highNO3_Œp‘±1’ê–Ê.jpg
INFO, 2026-09-03 17:06:42,584, gui_main.py, destroys, Exit Application
INFO, 2026-09-03 17:06:42,622, Application.py, <module>, RAPID exit
WARNING, 2026-09-03 17:06:43,095, checkpoint.py, __del__, Detecting that an object or model or tf.train.Checkpoint is being deleted with unrestored values. See the following logs for the specific values in question. To silence these warnings, use `status.expect_partial()`. See https://www.tensorflow.org/api_docs/python/tf/train/Checkpoint#restorefor details about the status object returned by the restore function.
WARNING, 2026-09-03 17:06:43,095, checkpoint.py, __del__, Value in checkpoint could not be found in the restored object: (root).optimizer.iter
WARNING, 2026-09-03 17:06:43,095, checkpoint.py, __del__, Value in checkpoint could not be found in the restored object: (root).optimizer.beta_1
WARNING, 2026-09-03 17:06:43,095, checkpoint.py, __del__, Value in checkpoint could not be found in the restored object: (root).optimizer.beta_2
WARNING, 2026-09-03 17:06:43,095, checkpoint.py, __del__, Value in checkpoint could not be found in the restored object: (root).optimizer.decay
WARNING, 2026-09-03 17:06:43,095, checkpoint.py, __del__, Value in checkpoint could not be found in the restored object: (root).optimizer.learning_rate
WARNING, 2026-09-03 17:06:43,095, checkpoint.py, __del__, Value in checkpoint could not be found in the restored object: (root).optimizer's state 'm' for (root).layer_with_weights-0.kernel
WARNING, 2026-09-03 17:06:43,095, checkpoint.py, __del__, Value in checkpoint could not be found in the restored object: (root).optimizer's state 'm' for (root).layer_with_weights-0.bias
WARNING, 2026-09-03 17:06:43,095, checkpoint.py, __del__, Value in checkpoint could not be found in the restored object: (root).optimizer's state 'm' for (root).layer_with_weights-1.kernel
WARNING, 2026-09-03 17:06:43,095, checkpoint.py, __del__, Value in checkpoint could not be found in the restored object: (root).optimizer's state 'm' for (root).layer_with_weights-1.bias
WARNING, 2026-09-03 17:06:43,095, checkpoint.py, __del__, Value in checkpoint could not be found in the restored object: (root).optimizer's state 'm' for (root).layer_with_weights-2.kernel
WARNING, 2026-09-03 17:06:43,095, checkpoint.py, __del__, Value in checkpoint could not be found in the restored object: (root).optimizer's state 'm' for (root).layer_with_weights-2.bias
WARNING, 2026-09-03 17:06:43,095, checkpoint.py, __del__, Value in checkpoint could not be found in the restored object: (root).optimizer's state 'm' for (root).layer_with_weights-3.kernel
WARNING, 2026-09-03 17:06:43,095, checkpoint.py, __del__, Value in checkpoint could not be found in the restored object: (root).optimizer's state 'm' for (root).layer_with_weights-3.bias
WARNING, 2026-09-03 17:06:43,095, checkpoint.py, __del__, Value in checkpoint could not be found in the restored object: (root).optimizer's state 'm' for (root).layer_with_weights-4.kernel
WARNING, 2026-09-03 17:06:43,095, checkpoint.py, __del__, Value in checkpoint could not be found in the restored object: (root).optimizer's state 'm' for (root).layer_with_weights-4.bias
WARNING, 2026-09-03 17:06:43,095, checkpoint.py, __del__, Value in checkpoint could not be found in the restored object: (root).optimizer's state 'm' for (root).layer_with_weights-5.kernel
WARNING, 2026-09-03 17:06:43,095, checkpoint.py, __del__, Value in checkpoint could not be found in the restored object: (root).optimizer's state 'm' for (root).layer_with_weights-5.bias
WARNING, 2026-09-03 17:06:43,095, checkpoint.py, __del__, Value in checkpoint could not be found in the restored object: (root).optimizer's state 'm' for (root).layer_with_weights-6.kernel
WARNING, 2026-09-03 17:06:43,095, checkpoint.py, __del__, Value in checkpoint could not be found in the restored object: (root).optimizer's state 'm' for (root).layer_with_weights-6.bias
WARNING, 2026-09-03 17:06:43,095, checkpoint.py, __del__, Value in checkpoint could not be found in the restored object: (root).optimizer's state 'm' for (root).layer_with_weights-7.kernel
WARNING, 2026-09-03 17:06:43,095, checkpoint.py, __del__, Value in checkpoint could not be found in the restored object: (root).optimizer's state 'm' for (root).layer_with_weights-7.bias
WARNING, 2026-09-03 17:06:43,095, checkpoint.py, __del__, Value in checkpoint could not be found in the restored object: (root).optimizer's state 'm' for (root).layer_with_weights-8.kernel
WARNING, 2026-09-03 17:06:43,095, checkpoint.py, __del__, Value in checkpoint could not be found in the restored object: (root).optimizer's state 'm' for (root).layer_with_weights-8.bias
WARNING, 2026-09-03 17:06:43,095, checkpoint.py, __del__, Value in checkpoint could not be found in the restored object: (root).optimizer's state 'm' for (root).layer_with_weights-9.kernel
WARNING, 2026-09-03 17:06:43,095, checkpoint.py, __del__, Value in checkpoint could not be found in the restored object: (root).optimizer's state 'm' for (root).layer_with_weights-9.bias
WARNING, 2026-09-03 17:06:43,095, checkpoint.py, __del__, Value in checkpoint could not be found in the restored object: (root).optimizer's state 'm' for (root).layer_with_weights-10.kernel
WARNING, 2026-09-03 17:06:43,095, checkpoint.py, __del__, Value in checkpoint could not be found in the restored object: (root).optimizer's state 'm' for (root).layer_with_weights-10.bias
WARNING, 2026-09-03 17:06:43,095, checkpoint.py, __del__, Value in checkpoint could not be found in the restored object: (root).optimizer's state 'm' for (root).layer_with_weights-11.gamma
WARNING, 2026-09-03 17:06:43,095, checkpoint.py, __del__, Value in checkpoint could not be found in the restored object: (root).optimizer's state 'm' for (root).layer_with_weights-11.beta
WARNING, 2026-09-03 17:06:43,095, checkpoint.py, __del__, Value in checkpoint could not be found in the restored object: (root).optimizer's state 'm' for (root).layer_with_weights-12.kernel
WARNING, 2026-09-03 17:06:43,095, checkpoint.py, __del__, Value in checkpoint could not be found in the restored object: (root).optimizer's state 'm' for (root).layer_with_weights-12.bias
WARNING, 2026-09-03 17:06:43,095, checkpoint.py, __del__, Value in checkpoint could not be found in the restored object: (root).optimizer's state 'm' for (root).layer_with_weights-13.gamma
WARNING, 2026-09-03 17:06:43,095, checkpoint.py, __del__, Value in checkpoint could not be found in the restored object: (root).optimizer's state 'm' for (root).layer_with_weights-13.beta
WARNING, 2026-09-03 17:06:43,095, checkpoint.py, __del__, Value in checkpoint could not be found in the restored object: (root).optimizer's state 'm' for (root).layer_with_weights-14.kernel
WARNING, 2026-09-03 17:06:43,095, checkpoint.py, __del__, Value in checkpoint could not be found in the restored object: (root).optimizer's state 'm' for (root).layer_with_weights-14.bias
WARNING, 2026-09-03 17:06:43,095, checkpoint.py, __del__, Value in checkpoint could not be found in the restored object: (root).optimizer's state 'm' for (root).layer_with_weights-15.gamma
WARNING, 2026-09-03 17:06:43,095, checkpoint.py, __del__, Value in checkpoint could not be found in the restored object: (root).optimizer's state 'm' for (root).layer_with_weights-15.beta
WARNING, 2026-09-03 17:06:43,095, checkpoint.py, __del__, Value in checkpoint could not be found in the restored object: (root).optimizer's state 'm' for (root).layer_with_weights-16.kernel
WARNING, 2026-09-03 17:06:43,095, checkpoint.py, __del__, Value in checkpoint could not be found in the restored object: (root).optimizer's state 'm' for (root).layer_with_weights-16.bias
WARNING, 2026-09-03 17:06:43,095, checkpoint.py, __del__, Value in checkpoint could not be found in the restored object: (root).optimizer's state 'm' for (root).layer_with_weights-17.gamma
WARNING, 2026-09-03 17:06:43,095, checkpoint.py, __del__, Value in checkpoint could not be found in the restored object: (root).optimizer's state 'm' for (root).layer_with_weights-17.beta
WARNING, 2026-09-03 17:06:43,095, checkpoint.py, __del__, Value in checkpoint could not be found in the restored object: (root).optimizer's state 'm' for (root).layer_with_weights-18.kernel
WARNING, 2026-09-03 17:06:43,095, checkpoint.py, __del__, Value in checkpoint could not be found in the restored object: (root).optimizer's state 'm' for (root).layer_with_weights-18.bias
WARNING, 2026-09-03 17:06:43,107, checkpoint.py, __del__, Value in checkpoint could not be found in the restored object: (root).optimizer's state 'v' for (root).layer_with_weights-0.kernel
WARNING, 2026-09-03 17:06:43,107, checkpoint.py, __del__, Value in checkpoint could not be found in the restored object: (root).optimizer's state 'v' for (root).layer_with_weights-0.bias
WARNING, 2026-09-03 17:06:43,107, checkpoint.py, __del__, Value in checkpoint could not be found in the restored object: (root).optimizer's state 'v' for (root).layer_with_weights-1.kernel
WARNING, 2026-09-03 17:06:43,107, checkpoint.py, __del__, Value in checkpoint could not be found in the restored object: (root).optimizer's state 'v' for (root).layer_with_weights-1.bias
WARNING, 2026-09-03 17:06:43,107, checkpoint.py, __del__, Value in checkpoint could not be found in the restored object: (root).optimizer's state 'v' for (root).layer_with_weights-2.kernel
WARNING, 2026-09-03 17:06:43,107, checkpoint.py, __del__, Value in checkpoint could not be found in the restored object: (root).optimizer's state 'v' for (root).layer_with_weights-2.bias
WARNING, 2026-09-03 17:06:43,107, checkpoint.py, __del__, Value in checkpoint could not be found in the restored object: (root).optimizer's state 'v' for (root).layer_with_weights-3.kernel
WARNING, 2026-09-03 17:06:43,107, checkpoint.py, __del__, Value in checkpoint could not be found in the restored object: (root).optimizer's state 'v' for (root).layer_with_weights-3.bias
WARNING, 2026-09-03 17:06:43,107, checkpoint.py, __del__, Value in checkpoint could not be found in the restored object: (root).optimizer's state 'v' for (root).layer_with_weights-4.kernel
WARNING, 2026-09-03 17:06:43,107, checkpoint.py, __del__, Value in checkpoint could not be found in the restored object: (root).optimizer's state 'v' for (root).layer_with_weights-4.bias
WARNING, 2026-09-03 17:06:43,107, checkpoint.py, __del__, Value in checkpoint could not be found in the restored object: (root).optimizer's state 'v' for (root).layer_with_weights-5.kernel
WARNING, 2026-09-03 17:06:43,109, checkpoint.py, __del__, Value in checkpoint could not be found in the restored object: (root).optimizer's state 'v' for (root).layer_with_weights-5.bias
WARNING, 2026-09-03 17:06:43,109, checkpoint.py, __del__, Value in checkpoint could not be found in the restored object: (root).optimizer's state 'v' for (root).layer_with_weights-6.kernel
WARNING, 2026-09-03 17:06:43,109, checkpoint.py, __del__, Value in checkpoint could not be found in the restored object: (root).optimizer's state 'v' for (root).layer_with_weights-6.bias
WARNING, 2026-09-03 17:06:43,109, checkpoint.py, __del__, Value in checkpoint could not be found in the restored object: (root).optimizer's state 'v' for (root).layer_with_weights-7.kernel
WARNING, 2026-09-03 17:06:43,109, checkpoint.py, __del__, Value in checkpoint could not be found in the restored object: (root).optimizer's state 'v' for (root).layer_with_weights-7.bias
WARNING, 2026-09-03 17:06:43,109, checkpoint.py, __del__, Value in checkpoint could not be found in the restored object: (root).optimizer's state 'v' for (root).layer_with_weights-8.kernel
WARNING, 2026-09-03 17:06:43,110, checkpoint.py, __del__, Value in checkpoint could not be found in the restored object: (root).optimizer's state 'v' for (root).layer_with_weights-8.bias
WARNING, 2026-09-03 17:06:43,110, checkpoint.py, __del__, Value in checkpoint could not be found in the restored object: (root).optimizer's state 'v' for (root).layer_with_weights-9.kernel
WARNING, 2026-09-03 17:06:43,110, checkpoint.py, __del__, Value in checkpoint could not be found in the restored object: (root).optimizer's state 'v' for (root).layer_with_weights-9.bias
WARNING, 2026-09-03 17:06:43,110, checkpoint.py, __del__, Value in checkpoint could not be found in the restored object: (root).optimizer's state 'v' for (root).layer_with_weights-10.kernel
WARNING, 2026-09-03 17:06:43,110, checkpoint.py, __del__, Value in checkpoint could not be found in the restored object: (root).optimizer's state 'v' for (root).layer_with_weights-10.bias
WARNING, 2026-09-03 17:06:43,110, checkpoint.py, __del__, Value in checkpoint could not be found in the restored object: (root).optimizer's state 'v' for (root).layer_with_weights-11.gamma
WARNING, 2026-09-03 17:06:43,111, checkpoint.py, __del__, Value in checkpoint could not be found in the restored object: (root).optimizer's state 'v' for (root).layer_with_weights-11.beta
WARNING, 2026-09-03 17:06:43,111, checkpoint.py, __del__, Value in checkpoint could not be found in the restored object: (root).optimizer's state 'v' for (root).layer_with_weights-12.kernel
WARNING, 2026-09-03 17:06:43,111, checkpoint.py, __del__, Value in checkpoint could not be found in the restored object: (root).optimizer's state 'v' for (root).layer_with_weights-12.bias
WARNING, 2026-09-03 17:06:43,112, checkpoint.py, __del__, Value in checkpoint could not be found in the restored object: (root).optimizer's state 'v' for (root).layer_with_weights-13.gamma
WARNING, 2026-09-03 17:06:43,112, checkpoint.py, __del__, Value in checkpoint could not be found in the restored object: (root).optimizer's state 'v' for (root).layer_with_weights-13.beta
WARNING, 2026-09-03 17:06:43,112, checkpoint.py, __del__, Value in checkpoint could not be found in the restored object: (root).optimizer's state 'v' for (root).layer_with_weights-14.kernel
WARNING, 2026-09-03 17:06:43,112, checkpoint.py, __del__, Value in checkpoint could not be found in the restored object: (root).optimizer's state 'v' for (root).layer_with_weights-14.bias
WARNING, 2026-09-03 17:06:43,112, checkpoint.py, __del__, Value in checkpoint could not be found in the restored object: (root).optimizer's state 'v' for (root).layer_with_weights-15.gamma
WARNING, 2026-09-03 17:06:43,113, checkpoint.py, __del__, Value in checkpoint could not be found in the restored object: (root).optimizer's state 'v' for (root).layer_with_weights-15.beta
WARNING, 2026-09-03 17:06:43,113, checkpoint.py, __del__, Value in checkpoint could not be found in the restored object: (root).optimizer's state 'v' for (root).layer_with_weights-16.kernel
WARNING, 2026-09-03 17:06:43,113, checkpoint.py, __del__, Value in checkpoint could not be found in the restored object: (root).optimizer's state 'v' for (root).layer_with_weights-16.bias
WARNING, 2026-09-03 17:06:43,113, checkpoint.py, __del__, Value in checkpoint could not be found in the restored object: (root).optimizer's state 'v' for (root).layer_with_weights-17.gamma
WARNING, 2026-09-03 17:06:43,113, checkpoint.py, __del__, Value in checkpoint could not be found in the restored object: (root).optimizer's state 'v' for (root).layer_with_weights-17.beta
WARNING, 2026-09-03 17:06:43,113, checkpoint.py, __del__, Value in checkpoint could not be found in the restored object: (root).optimizer's state 'v' for (root).layer_with_weights-18.kernel
WARNING, 2026-09-03 17:06:43,113, checkpoint.py, __del__, Value in checkpoint could not be found in the restored object: (root).optimizer's state 'v' for (root).layer_with_weights-18.bias
INFO, 2026-09-03 17:08:24,639, Application.py, <module>, RAPID start
INFO, 2026-09-03 17:08:24,802, gui_main.py, __init__, Open GUI
INFO, 2026-09-03 17:08:34,666, gui_main.py, _load_yolo_model, Load Ultralytics YOLO model: C:\Users\chwang\Desktop\Root-Measurement-Journal\RAPID\RAPID\ARMP\best.pt
WARNING, 2026-09-03 17:08:37,164, module_wrapper.py, _tfmw_add_deprecation_warning, From E:\Users\chwang\Miniconda3\envs\DeepStomata\rapid\lib\site-packages\keras\src\backend.py:1398: The name tf.executing_eagerly_outside_functions is deprecated. Please use tf.compat.v1.executing_eagerly_outside_functions instead.

WARNING, 2026-09-03 17:08:37,218, module_wrapper.py, _tfmw_add_deprecation_warning, From E:\Users\chwang\Miniconda3\envs\DeepStomata\rapid\lib\site-packages\keras\src\layers\pooling\max_pooling2d.py:161: The name tf.nn.max_pool is deprecated. Please use tf.nn.max_pool2d instead.

WARNING, 2026-09-03 17:08:37,574, module_wrapper.py, _tfmw_add_deprecation_warning, From E:\Users\chwang\Miniconda3\envs\DeepStomata\rapid\lib\site-packages\keras\src\saving\legacy\save.py:538: The name tf.train.NewCheckpointReader is deprecated. Please use tf.compat.v1.train.NewCheckpointReader instead.

INFO, 2026-09-03 17:10:10,366, gui_imageframe.py, destroy, Close image: C:\Users\chwang\Desktop\Root-Measurement-Journal\bad-example\220422_TK1_Col-0_7DAG_4F_’ê–Ê600dpi\220422_TK1_Col-0_7DAG_4F_’ê–Ê600dpi.jpg
INFO, 2026-09-03 17:11:20,606, gui_imageframe.py, destroy, Close image: C:\Users\chwang\Desktop\Root-Measurement-Journal\bad-example\220118_7DAG_KPplus_’ê–Ê600dpi\220118_7DAG_KPplus_’ê–Ê600dpi.jpg
ERROR, 2026-09-03 17:20:01,990, gui_main.py, _batch_worker, Batch image failed: E:\Downloads\MoonShotPLant\validation\good\211013_7DAG_NKminus_Œp‘±1’ê–Ê.jpg
Traceback (most recent call last):
  File "C:\Users\chwang\Desktop\Root-Measurement-Journal\RAPID\RAPID\ARMP\gui_main.py", line 1071, in _batch_worker
    scale_status, scale_message, roi_count = self._process_batch_image_sync(fn, settings, stage)
  File "C:\Users\chwang\Desktop\Root-Measurement-Journal\RAPID\RAPID\ARMP\gui_main.py", line 928, in _process_batch_image_sync
    p.Processing()
  File "C:\Users\chwang\Desktop\Root-Measurement-Journal\RAPID\RAPID\ARMP\AnalyseRoot.py", line 2951, in Processing
    start_point = tuple(white_pixels[np.argmax(white_pixels[:, 0])])
  File "E:\Users\chwang\Miniconda3\envs\DeepStomata\rapid\lib\site-packages\numpy\core\fromnumeric.py", line 1229, in argmax
    return _wrapfunc(a, 'argmax', axis=axis, out=out, **kwds)
  File "E:\Users\chwang\Miniconda3\envs\DeepStomata\rapid\lib\site-packages\numpy\core\fromnumeric.py", line 59, in _wrapfunc
    return bound(*args, **kwds)
ValueError: attempt to get argmax of an empty sequence

INFO, 2026-09-04 12:51:07,506, gui_imageframe.py, destroy, Close image: C:\Users\chwang\Desktop\Root-Measurement-Journal\bad-example\211015_9DAG_NKminus_Œp‘±1’ê–Ê600dpi\211015_9DAG_NKminus_Œp‘±1’ê–Ê600dpi.jpg
INFO, 2026-09-04 12:51:07,754, gui_main.py, destroys, Exit Application
INFO, 2026-09-04 12:51:09,040, Application.py, <module>, RAPID exit
INFO, 2026-09-04 16:22:12,556, Application.py, <module>, RAPID start
INFO, 2026-09-04 16:22:12,721, gui_main.py, __init__, Open GUI
INFO, 2026-09-04 16:22:45,253, gui_main.py, _load_yolo_model, Load Ultralytics YOLO model: C:\Users\chwang\Desktop\Root-Measurement-Journal\RAPID\RAPID\ARMP\best.pt
INFO, 2026-09-04 16:23:42,440, gui_imageframe.py, destroy, Close image: C:\Users\chwang\Desktop\Root-Measurement-Journal\bad-example\211015_9DAG_NKminus_Œp‘±1’ê–Ê600dpi\211015_9DAG_NKminus_Œp‘±1’ê–Ê600dpi.jpg
INFO, 2026-09-04 16:23:42,456, gui_main.py, destroys, Exit Application
INFO, 2026-09-04 16:23:42,485, Application.py, <module>, RAPID exit
INFO, 2026-09-04 16:50:47,699, Application.py, <module>, RAPID start
INFO, 2026-09-04 16:50:47,856, gui_main.py, __init__, Open GUI
INFO, 2026-09-04 16:51:02,509, gui_main.py, _load_yolo_model, Load Ultralytics YOLO model: C:\Users\chwang\Desktop\Root-Measurement-Journal\RAPID\RAPID\ARMP\best.pt
INFO, 2026-09-04 16:51:48,886, gui_imageframe.py, destroy, Close image: C:\Users\chwang\Desktop\Root-Measurement-Journal\bad-example\211015_9DAG_NKminus_Œp‘±1’ê–Ê600dpi\211015_9DAG_NKminus_Œp‘±1’ê–Ê600dpi.jpg
INFO, 2026-09-04 16:51:48,911, gui_main.py, destroys, Exit Application
INFO, 2026-09-04 16:51:48,946, Application.py, <module>, RAPID exit
INFO, 2026-09-06 15:59:22,189, Application.py, <module>, RAPID start
INFO, 2026-09-06 15:59:22,362, gui_main.py, __init__, Open GUI
INFO, 2026-09-06 16:04:33,442, gui_main.py, _load_yolo_model, Load Ultralytics YOLO model: C:\Users\chwang\Desktop\Root-Measurement-Journal\RAPID\RAPID\ARMP\best.pt
INFO, 2026-09-06 16:58:00,289, gui_main.py, destroys, Exit Application
INFO, 2026-09-06 16:58:00,317, Application.py, <module>, RAPID exit
INFO, 2026-09-06 17:01:08,839, Application.py, <module>, RAPID start
INFO, 2026-09-06 17:01:08,982, gui_main.py, __init__, Open GUI
INFO, 2026-09-06 17:09:29,818, gui_main.py, destroys, Exit Application
INFO, 2026-09-06 17:09:29,845, Application.py, <module>, RAPID exit
INFO, 2026-09-06 20:21:09,990, Application.py, <module>, RAPID start
INFO, 2026-09-06 20:21:10,157, gui_main.py, __init__, Open GUI
INFO, 2026-09-06 20:45:43,268, gui_imageframe.py, destroy, Close image: C:\Users\chwang\Desktop\Root-Measurement-Journal\bad-example\image_0001\image_0001.jpg
INFO, 2026-09-06 20:45:43,277, gui_main.py, destroys, Exit Application
INFO, 2026-09-06 20:45:43,310, Application.py, <module>, RAPID exit
INFO, 2026-09-06 20:46:19,584, Application.py, <module>, RAPID start
INFO, 2026-09-06 20:46:19,743, gui_main.py, __init__, Open GUI
INFO, 2026-09-06 20:46:33,376, gui_main.py, _load_yolo_model, Load Ultralytics YOLO model: C:\Users\chwang\Desktop\Root-Measurement-Journal\RAPID\RAPID\ARMP\best.pt
INFO, 2026-09-06 20:46:46,016, gui_imageframe.py, destroy, Close image: C:\Users\chwang\Desktop\Root-Measurement-Journal\bad-example\image_0001\image_0001.jpg
INFO, 2026-09-06 20:46:46,016, gui_main.py, destroys, Exit Application
INFO, 2026-09-06 20:46:46,050, Application.py, <module>, RAPID exit
INFO, 2026-09-07 13:30:33,384, Application.py, <module>, RAPID start
INFO, 2026-09-07 13:30:33,542, gui_main.py, __init__, Open GUI
INFO, 2026-09-07 13:57:59,031, gui_main.py, _load_yolo_model, Load Ultralytics YOLO model: C:\Users\chwang\Desktop\Root-Measurement-Journal\RAPID\RAPID\ARMP\best.pt
INFO, 2026-09-07 14:08:27,724, gui_imageframe.py, destroy, Close image: C:\Users\chwang\Desktop\Root-Measurement-Journal\bad-example\IMG_7249\IMG_7249.JPG
INFO, 2026-09-07 14:08:27,734, gui_main.py, destroys, Exit Application
INFO, 2026-09-07 14:08:27,840, Application.py, <module>, RAPID exit
INFO, 2026-09-07 14:12:06,988, Application.py, <module>, RAPID start
INFO, 2026-09-07 14:12:07,157, gui_main.py, __init__, Open GUI
INFO, 2026-09-07 14:12:40,186, gui_main.py, _load_yolo_model, Load Ultralytics YOLO model: C:\Users\chwang\Desktop\Root-Measurement-Journal\RAPID\RAPID\ARMP\best.pt
INFO, 2026-09-07 14:13:04,075, gui_imageframe.py, destroy, Close image: C:\Users\chwang\Desktop\Root-Measurement-Journal\bad-example\IMG_8658\IMG_8658.JPG
INFO, 2026-09-07 14:13:04,088, gui_main.py, destroys, Exit Application
INFO, 2026-09-07 14:13:04,120, Application.py, <module>, RAPID exit
INFO, 2026-09-07 14:18:51,527, Application.py, <module>, RAPID start
INFO, 2026-09-07 14:18:51,684, gui_main.py, __init__, Open GUI
INFO, 2026-09-07 14:19:10,934, gui_main.py, _load_yolo_model, Load Ultralytics YOLO model: C:\Users\chwang\Desktop\Root-Measurement-Journal\RAPID\RAPID\ARMP\best.pt
INFO, 2026-09-07 14:19:32,385, gui_imageframe.py, destroy, Close image: C:\Users\chwang\Desktop\Root-Measurement-Journal\bad-example\IMG_8658\IMG_8658.JPG
INFO, 2026-09-07 14:19:32,398, gui_main.py, destroys, Exit Application
INFO, 2026-09-07 14:19:32,431, Application.py, <module>, RAPID exit
INFO, 2026-09-07 14:19:52,205, Application.py, <module>, RAPID start
INFO, 2026-09-07 14:19:52,356, gui_main.py, __init__, Open GUI
INFO, 2026-09-07 14:20:05,016, gui_main.py, _load_yolo_model, Load Ultralytics YOLO model: C:\Users\chwang\Desktop\Root-Measurement-Journal\RAPID\RAPID\ARMP\best.pt
INFO, 2026-09-07 14:20:42,709, gui_imageframe.py, destroy, Close image: C:\Users\chwang\Desktop\Root-Measurement-Journal\bad-example\IMG_6685\IMG_6685.JPG
INFO, 2026-09-07 14:20:42,721, gui_main.py, destroys, Exit Application
INFO, 2026-09-07 14:20:42,763, Application.py, <module>, RAPID exit
INFO, 2026-09-07 14:21:00,801, Application.py, <module>, RAPID start
INFO, 2026-09-07 14:21:00,961, gui_main.py, __init__, Open GUI
INFO, 2026-09-07 14:21:09,558, gui_main.py, _load_yolo_model, Load Ultralytics YOLO model: C:\Users\chwang\Desktop\Root-Measurement-Journal\RAPID\RAPID\ARMP\best.pt
INFO, 2026-09-07 14:21:22,488, gui_imageframe.py, destroy, Close image: C:\Users\chwang\Desktop\Root-Measurement-Journal\bad-example\IMG_8646\IMG_8646.JPG
INFO, 2026-09-07 14:21:22,500, gui_main.py, destroys, Exit Application
INFO, 2026-09-07 14:21:22,528, Application.py, <module>, RAPID exit
INFO, 2026-09-07 14:21:56,417, Application.py, <module>, RAPID start
INFO, 2026-09-07 14:21:56,569, gui_main.py, __init__, Open GUI
INFO, 2026-09-07 14:23:24,451, gui_main.py, _load_yolo_model, Load Ultralytics YOLO model: C:\Users\chwang\Desktop\Root-Measurement-Journal\RAPID\RAPID\ARMP\best.pt
INFO, 2026-09-07 15:56:34,691, gui_imageframe.py, destroy, Close image: C:\Users\chwang\Desktop\Root-Measurement-Journal\bad-example\RSMS_set6_day3_20111130_016\RSMS_set6_day3_20111130_016.tif
INFO, 2026-09-07 15:56:34,709, gui_main.py, destroys, Exit Application
INFO, 2026-09-07 15:56:34,791, Application.py, <module>, RAPID exit
INFO, 2026-09-07 15:58:39,801, Application.py, <module>, RAPID start
INFO, 2026-09-07 15:58:39,954, gui_main.py, __init__, Open GUI
INFO, 2026-09-07 16:06:24,625, gui_main.py, _load_yolo_model, Load Ultralytics YOLO model: C:\Users\chwang\Desktop\Root-Measurement-Journal\RAPID\RAPID\ARMP\best.pt
INFO, 2026-09-07 17:02:36,675, gui_imageframe.py, destroy, Close image: C:\Users\chwang\Desktop\Root-Measurement-Journal\other-validation\Result\RSMS_set6_day3_20111130_016\RSMS_set6_day3_20111130_016.tif
INFO, 2026-09-07 17:02:36,713, gui_main.py, destroys, Exit Application
INFO, 2026-09-07 17:02:36,749, Application.py, <module>, RAPID exit
INFO, 2026-09-07 17:02:59,168, Application.py, <module>, RAPID start
INFO, 2026-09-07 17:02:59,335, gui_main.py, __init__, Open GUI
INFO, 2026-09-07 18:11:02,620, gui_imageframe.py, destroy, Close image: C:/Users/chwang/Desktop/Root-Measurement-Journal/other-validation/Result/RSMS_set6_day3_20111130_016/RSMS_set6_day3_20111130_016.xml
INFO, 2026-09-07 18:18:47,805, gui_main.py, _load_yolo_model, Load Ultralytics YOLO model: C:\Users\chwang\Desktop\Root-Measurement-Journal\RAPID\RAPID\ARMP\best.pt
INFO, 2026-09-08 10:00:48,729, gui_imageframe.py, destroy, Close image: C:\Users\chwang\Desktop\Root-Measurement-Journal\other-validation\Result\RSMS_set6_day5_20111202_016\RSMS_set6_day5_20111202_016.tif
INFO, 2026-09-08 10:00:48,773, gui_main.py, destroys, Exit Application
INFO, 2026-09-08 10:00:48,804, Application.py, <module>, RAPID exit
INFO, 2026-09-08 10:01:08,157, Application.py, <module>, RAPID start
INFO, 2026-09-08 10:01:08,311, gui_main.py, __init__, Open GUI
INFO, 2026-09-08 10:26:39,956, gui_imageframe.py, destroy, Close image: C:\Users\chwang\Desktop\Root-Measurement-Journal\other-validation\Result\IMG_6480\IMG_6480.JPG
INFO, 2026-09-08 10:26:39,969, gui_main.py, destroys, Exit Application
INFO, 2026-09-08 10:26:40,017, Application.py, <module>, RAPID exit
INFO, 2026-09-08 10:29:04,645, Application.py, <module>, RAPID start
INFO, 2026-09-08 10:29:04,807, gui_main.py, __init__, Open GUI
INFO, 2026-09-08 13:10:26,487, gui_main.py, _load_yolo_model, Load Ultralytics YOLO model: C:\Users\chwang\Desktop\Root-Measurement-Journal\RAPID\RAPID\ARMP\best.pt
INFO, 2026-09-08 14:17:37,683, gui_imageframe.py, destroy, Close image: C:\Users\chwang\Desktop\Root-Measurement-Journal\other-validation\Result\IMG_6480\IMG_6480.JPG
INFO, 2026-09-08 17:22:52,946, gui_imageframe.py, destroy, Close image: C:\Users\chwang\Desktop\Root-Measurement-Journal\other-validation\Result\IMG_6482\IMG_6482.JPG
INFO, 2026-09-09 13:12:36,258, gui_imageframe.py, destroy, Close image: C:\Users\chwang\Desktop\Root-Measurement-Journal\other-validation\Result\IMG_6488\IMG_6488.JPG
INFO, 2026-09-09 14:53:47,274, gui_imageframe.py, destroy, Close image: C:\Users\chwang\Desktop\Root-Measurement-Journal\other-validation\Result\IMG_6490\IMG_6490.JPG
INFO, 2026-09-09 15:39:24,994, gui_imageframe.py, destroy, Close image: C:\Users\chwang\Desktop\Root-Measurement-Journal\other-validation\Result\IMG_8658\IMG_8658.JPG
INFO, 2026-09-09 15:39:31,349, gui_main.py, destroys, Exit Application
INFO, 2026-09-09 15:39:31,424, Application.py, <module>, RAPID exit
INFO, 2026-09-09 15:42:12,512, Application.py, <module>, RAPID start
INFO, 2026-09-09 15:42:12,682, gui_main.py, __init__, Open GUI
INFO, 2026-09-09 15:48:23,848, gui_imageframe.py, destroy, Close image: C:\Users\chwang\Desktop\Root-Measurement-Journal\other-validation\Result\image_0007\image_0007.jpg
INFO, 2026-09-09 15:48:23,854, gui_main.py, destroys, Exit Application
INFO, 2026-09-09 15:48:23,889, Application.py, <module>, RAPID exit
INFO, 2026-09-09 16:53:10,999, Application.py, <module>, RAPID start
INFO, 2026-09-09 16:53:11,160, gui_main.py, __init__, Open GUI
INFO, 2026-09-09 16:55:23,079, gui_main.py, _load_yolo_model, Load Ultralytics YOLO model: C:\Users\chwang\Desktop\Root-Measurement-Journal\RAPID\RAPID\ARMP\best.pt
INFO, 2026-09-09 16:59:25,606, gui_imageframe.py, destroy, Close image: C:\Users\chwang\Desktop\Root-Measurement-Journal\other-validation\Result\RSMS_set6_day3_20111130_016\RSMS_set6_day3_20111130_016.tif
INFO, 2026-09-09 17:04:02,478, gui_imageframe.py, destroy, Close image: C:\Users\chwang\Desktop\Root-Measurement-Journal\other-validation\Result\RSMS_set6_day5_20111202_016\RSMS_set6_day5_20111202_016.tif
INFO, 2026-09-09 17:04:55,045, gui_imageframe.py, destroy, Close image: C:\Users\chwang\Desktop\Root-Measurement-Journal\other-validation\Result\image_0007\image_0007.jpg
INFO, 2026-09-09 17:05:44,900, gui_imageframe.py, destroy, Close image: C:\Users\chwang\Desktop\Root-Measurement-Journal\other-validation\Result\image_0030\image_0030.jpg
INFO, 2026-09-09 17:09:13,946, gui_imageframe.py, destroy, Close image: C:\Users\chwang\Desktop\Root-Measurement-Journal\other-validation\Result\IMG_6480\IMG_6480.JPG
INFO, 2026-09-09 17:13:00,616, gui_imageframe.py, destroy, Close image: C:\Users\chwang\Desktop\Root-Measurement-Journal\other-validation\Result\IMG_6482\IMG_6482.JPG
INFO, 2026-09-09 17:18:17,571, gui_imageframe.py, destroy, Close image: C:\Users\chwang\Desktop\Root-Measurement-Journal\other-validation\Result\IMG_6488\IMG_6488.JPG
INFO, 2026-09-09 17:22:54,223, gui_imageframe.py, destroy, Close image: C:\Users\chwang\Desktop\Root-Measurement-Journal\other-validation\Result\IMG_6490\IMG_6490.JPG
INFO, 2026-09-09 17:26:23,480, gui_imageframe.py, destroy, Close image: C:\Users\chwang\Desktop\Root-Measurement-Journal\other-validation\Result\IMG_6685\IMG_6685.JPG
INFO, 2026-09-09 17:41:10,409, gui_imageframe.py, destroy, Close image: C:\Users\chwang\Desktop\Root-Measurement-Journal\other-validation\Result\IMG_8658\IMG_8658.JPG
INFO, 2026-09-09 17:41:11,768, gui_main.py, destroys, Exit Application
INFO, 2026-09-09 17:41:11,807, Application.py, <module>, RAPID exit
INFO, 2026-09-09 21:15:51,667, Application.py, <module>, RAPID start
INFO, 2026-09-09 21:15:51,817, gui_main.py, __init__, Open GUI
INFO, 2026-09-09 21:24:14,526, gui_imageframe.py, destroy, Close image: C:/Users/chwang/Desktop/Root-Measurement-Journal/other-validation/Result/RSMS_set6_day3_20111130_016/RSMS_set6_day3_20111130_016.xml
INFO, 2026-09-09 21:25:35,235, gui_imageframe.py, destroy, Close image: C:/Users/chwang/Desktop/Root-Measurement-Journal/other-validation/Result/RSMS_set6_day5_20111202_016/RSMS_set6_day5_20111202_016.xml
INFO, 2026-09-09 21:47:56,843, gui_imageframe.py, destroy, Close image: C:/Users/chwang/Desktop/Root-Measurement-Journal/other-validation/Result/IMG_6480/IMG_6480.xml
INFO, 2026-09-09 21:48:39,259, gui_imageframe.py, destroy, Close image: C:/Users/chwang/Desktop/Root-Measurement-Journal/other-validation/Result/IMG_6482/IMG_6482.xml
INFO, 2026-09-09 21:48:39,297, gui_main.py, destroys, Exit Application
INFO, 2026-09-09 21:48:39,328, Application.py, <module>, RAPID exit
INFO, 2026-09-10 10:24:07,951, Application.py, <module>, RAPID start
INFO, 2026-09-10 10:24:08,717, gui_main.py, __init__, Open GUI
INFO, 2026-09-10 10:26:59,175, gui_imageframe.py, destroy, Close image: C:/Users/chwang/Desktop/Root-Measurement-Journal/other-validation/GT/image_0007/image_0007.xml
INFO, 2026-09-10 13:07:34,337, gui_imageframe.py, destroy, Close image: C:/Users/chwang/Desktop/Root-Measurement-Journal/other-validation/GT/IMG_6480/IMG_6480.xml
INFO, 2026-09-10 14:17:43,718, gui_imageframe.py, destroy, Close image: C:/Users/chwang/Desktop/Root-Measurement-Journal/other-validation/GT/IMG_6482/IMG_6482.xml
INFO, 2026-09-10 14:17:45,502, gui_main.py, destroys, Exit Application
INFO, 2026-09-10 14:17:45,523, Application.py, <module>, RAPID exit
INFO, 2026-09-10 14:18:46,358, Application.py, <module>, RAPID start
INFO, 2026-09-10 14:18:46,526, gui_main.py, __init__, Open GUI
INFO, 2026-09-10 20:46:19,225, gui_imageframe.py, destroy, Close image: C:/Users/chwang/Desktop/Root-Measurement-Journal/other-validation/GT/IMG_6488/IMG_6488.xml
INFO, 2026-09-10 20:47:35,729, gui_imageframe.py, destroy, Close image: C:/Users/chwang/Desktop/Root-Measurement-Journal/other-validation/GT/IMG_8658/IMG_8658.xml
INFO, 2026-09-10 20:47:35,757, gui_main.py, destroys, Exit Application
INFO, 2026-09-10 20:47:35,800, Application.py, <module>, RAPID exit
INFO, 2026-09-10 21:11:10,230, Application.py, <module>, RAPID start
INFO, 2026-09-10 21:11:10,389, gui_main.py, __init__, Open GUI
INFO, 2026-09-10 21:13:03,596, gui_imageframe.py, destroy, Close image: C:/Users/chwang/Desktop/Root-Measurement-Journal/other-validation/GT/IMG_6480/IMG_6480.xml
INFO, 2026-09-10 21:13:17,715, gui_main.py, destroys, Exit Application
INFO, 2026-09-10 21:13:17,729, Application.py, <module>, RAPID exit
INFO, 2026-09-10 23:48:26,850, Application.py, <module>, RAPID start
INFO, 2026-09-10 23:48:27,029, gui_main.py, __init__, Open GUI
INFO, 2026-09-10 23:50:31,683, gui_imageframe.py, destroy, Close image: C:/Users/chwang/Desktop/Root-Measurement-Journal/other-validation/GT/IMG_6685/IMG_6685.xml
INFO, 2026-09-11 00:19:31,474, gui_imageframe.py, destroy, Close image: C:/Users/chwang/Desktop/Root-Measurement-Journal/other-validation/Result/image_0007/image_0007.xml
INFO, 2026-09-11 00:22:10,791, gui_imageframe.py, destroy, Close image: C:/Users/chwang/Desktop/Root-Measurement-Journal/other-validation/GT/IMG_6685/IMG_6685.xml
INFO, 2026-09-11 00:23:13,118, gui_imageframe.py, destroy, Close image: C:/Users/chwang/Desktop/Root-Measurement-Journal/other-validation/GT/image_0007/image_0007.xml
INFO, 2026-09-11 00:23:13,123, gui_main.py, destroys, Exit Application
INFO, 2026-09-11 00:23:13,159, Application.py, <module>, RAPID exit
INFO, 2026-09-11 00:39:44,755, Application.py, <module>, RAPID start
INFO, 2026-09-11 00:39:44,911, gui_main.py, __init__, Open GUI
INFO, 2026-09-11 00:41:31,081, gui_imageframe.py, destroy, Close image: C:/Users/chwang/Desktop/Root-Measurement-Journal/other-validation/GT/image_0030/image_0030.xml
INFO, 2026-09-11 09:49:36,385, gui_imageframe.py, destroy, Close image: C:/Users/chwang/Desktop/Root-Measurement-Journal/other-validation/Result/image_0030/image_0030.xml
INFO, 2026-09-11 09:49:36,391, gui_main.py, destroys, Exit Application
INFO, 2026-09-11 09:49:36,425, Application.py, <module>, RAPID exit
INFO, 2026-09-15 14:17:05,085, Application.py, <module>, RAPID start
INFO, 2026-09-15 14:17:05,841, gui_main.py, __init__, Open GUI
INFO, 2026-09-15 17:33:31,744, Application.py, <module>, RAPID start
INFO, 2026-09-15 17:33:31,920, gui_main.py, __init__, Open GUI
INFO, 2026-09-15 17:38:05,446, gui_imageframe.py, destroy, Close image: C:/Users/chwang/Desktop/Root-Measurement-Journal/other-validation/GT/IMG_6480/IMG_6480.xml
INFO, 2026-09-15 17:46:38,001, gui_imageframe.py, destroy, Close image: C:/Users/chwang/Desktop/Root-Measurement-Journal/other-validation/Result/IMG_6480/IMG_6480.xml
INFO, 2026-09-15 17:53:18,613, gui_imageframe.py, destroy, Close image: C:/Users/chwang/Desktop/Root-Measurement-Journal/other-validation/Result/IMG_6482/IMG_6482.xml
INFO, 2026-09-15 17:53:18,639, gui_main.py, destroys, Exit Application
INFO, 2026-09-15 17:53:18,721, Application.py, <module>, RAPID exit
INFO, 2026-09-15 17:53:34,614, Application.py, <module>, RAPID start
INFO, 2026-09-15 17:53:34,755, gui_main.py, __init__, Open GUI
INFO, 2026-09-15 17:59:57,379, gui_imageframe.py, destroy, Close image: C:/Users/chwang/Desktop/Root-Measurement-Journal/other-validation/Result/IMG_6488/IMG_6488.xml
INFO, 2026-09-15 18:05:23,666, gui_imageframe.py, destroy, Close image: C:/Users/chwang/Desktop/Root-Measurement-Journal/other-validation/Result/IMG_6685/IMG_6685.xml
INFO, 2026-09-15 18:10:04,387, gui_imageframe.py, destroy, Close image: C:/Users/chwang/Desktop/Root-Measurement-Journal/other-validation/Result/IMG_8658/IMG_8658.xml
INFO, 2026-09-15 18:11:12,519, gui_imageframe.py, destroy, Close image: C:/Users/chwang/Desktop/Root-Measurement-Journal/other-validation/Result/IMG_6480/IMG_6480.xml
INFO, 2026-09-15 18:16:24,682, gui_imageframe.py, destroy, Close image: C:/Users/chwang/Desktop/Root-Measurement-Journal/other-validation/Result/IMG_6490/IMG_6490.xml
INFO, 2026-09-15 18:16:24,714, gui_main.py, destroys, Exit Application
INFO, 2026-09-15 18:16:24,752, Application.py, <module>, RAPID exit
INFO, 2026-09-16 13:15:33,990, Application.py, <module>, RAPID start
INFO, 2026-09-16 13:15:34,164, gui_main.py, __init__, Open GUI
INFO, 2026-09-16 13:25:20,405, gui_imageframe.py, destroy, Close image: C:/Users/chwang/Desktop/Root-Measurement-Journal/validate/211013_7DAG_highNO3_Œp‘±1’ê–Ê/211013_7DAG_highNO3_Œp‘±1’ê–Ê.xml
INFO, 2026-09-16 13:25:20,435, gui_main.py, destroys, Exit Application
INFO, 2026-09-16 13:25:20,480, Application.py, <module>, RAPID exit
INFO, 2026-09-16 15:26:52,501, Application.py, <module>, RAPID start
INFO, 2026-09-16 15:26:52,657, gui_main.py, __init__, Open GUI
INFO, 2026-09-16 15:34:09,062, gui_imageframe.py, destroy, Close image: C:/Users/chwang/Desktop/Root-Measurement-Journal/other-validation/Result/RSMS_set6_day5_20111202_016/RSMS_set6_day5_20111202_016.xml
INFO, 2026-09-16 15:34:09,103, gui_main.py, destroys, Exit Application
INFO, 2026-09-16 15:34:09,170, Application.py, <module>, RAPID exit
INFO, 2026-09-16 15:53:29,208, Application.py, <module>, RAPID start
INFO, 2026-09-16 15:53:29,370, gui_main.py, __init__, Open GUI
INFO, 2026-09-16 15:54:18,652, gui_main.py, _load_yolo_model, Load Ultralytics YOLO model: C:\Users\chwang\Desktop\Root-Measurement-Journal\RAPID\RAPID\ARMP\best.pt
INFO, 2026-09-16 16:15:20,340, gui_main.py, destroys, Exit Application
INFO, 2026-09-16 16:15:20,373, Application.py, <module>, RAPID exit
INFO, 2026-09-16 16:15:34,630, Application.py, <module>, RAPID start
INFO, 2026-09-16 16:15:34,770, gui_main.py, __init__, Open GUI
INFO, 2026-09-16 16:15:37,063, gui_main.py, destroys, Exit Application
INFO, 2026-09-16 16:15:37,105, Application.py, <module>, RAPID exit
INFO, 2026-09-16 17:29:06,748, Application.py, <module>, RAPID start
INFO, 2026-09-16 17:29:06,904, gui_main.py, __init__, Open GUI
INFO, 2026-09-16 17:30:19,014, gui_main.py, _load_yolo_model, Load Ultralytics YOLO model: C:\Users\chwang\Desktop\Root-Measurement-Journal\RAPID\RAPID\ARMP\best.pt
INFO, 2026-09-16 17:35:04,688, gui_imageframe.py, destroy, Close image: C:\Users\chwang\Desktop\Root-Measurement-Journal\other-validation\Result\211013_7DAG_highNO3_Œp‘±1’ê–Ê\211013_7DAG_highNO3_Œp‘±1’ê–Ê.jpg
INFO, 2026-09-16 17:35:04,700, gui_main.py, destroys, Exit Application
INFO, 2026-09-16 17:35:04,735, Application.py, <module>, RAPID exit
INFO, 2026-09-16 17:35:31,291, Application.py, <module>, RAPID start
INFO, 2026-09-16 17:35:31,444, gui_main.py, __init__, Open GUI
INFO, 2026-09-16 17:35:43,496, gui_main.py, _load_yolo_model, Load Ultralytics YOLO model: C:\Users\chwang\Desktop\Root-Measurement-Journal\RAPID\RAPID\ARMP\best.pt
INFO, 2026-09-16 17:43:59,980, gui_imageframe.py, destroy, Close image: C:\Users\chwang\Desktop\Root-Measurement-Journal\other-validation\Result\211013_7DAG_highNO3_Œp‘±1’ê–Ê\211013_7DAG_highNO3_Œp‘±1’ê–Ê.jpg
INFO, 2026-09-16 17:43:59,995, gui_main.py, destroys, Exit Application
INFO, 2026-09-16 17:44:00,083, Application.py, <module>, RAPID exit
INFO, 2026-09-16 17:44:47,076, Application.py, <module>, RAPID start
INFO, 2026-09-16 17:44:47,229, gui_main.py, __init__, Open GUI
INFO, 2026-09-16 17:44:59,678, gui_main.py, _load_yolo_model, Load Ultralytics YOLO model: C:\Users\chwang\Desktop\Root-Measurement-Journal\RAPID\RAPID\ARMP\best.pt
INFO, 2026-09-17 10:07:06,767, gui_imageframe.py, destroy, Close image: C:\Users\chwang\Desktop\Root-Measurement-Journal\other-validation\Result\211013_7DAG_highNO3_Œp‘±1’ê–Ê\211013_7DAG_highNO3_Œp‘±1’ê–Ê.jpg
INFO, 2026-09-17 10:07:06,790, gui_main.py, destroys, Exit Application
INFO, 2026-09-17 10:07:06,870, Application.py, <module>, RAPID exit
